Archive member included to satisfy reference by file (symbol)

c:/Program Files/Microchip/xc32/v5.10/bin/bin/../../lib/gcc/pic32c/13.2.1/../../../../pic32c/lib/thumb/v6-m/nofp\libpic32c.a(data_init.o)
                              CMakeFiles/PL10_default_default_XC32_compile.dir/C_/Users/c74305/Desktop/MAICA/SF/config.mcc/src/config/default/startup_xc32.c.o (__pic32c_data_initialization)
c:/Program Files/Microchip/xc32/v5.10/bin/bin/../../lib/gcc/pic32c/13.2.1/../../../../pic32c/lib/thumb/v6-m/nofp\libg-musl.a(__libc_start_main.o)
                              CMakeFiles/PL10_default_default_XC32_compile.dir/C_/Users/c74305/Desktop/MAICA/SF/config.mcc/src/config/default/startup_xc32.c.o (__libc_init_array)
c:/Program Files/Microchip/xc32/v5.10/bin/bin/../../lib/gcc/pic32c/13.2.1/../../../../pic32c/lib/thumb/v6-m/nofp\libg-musl.a(libc.o)
                              c:/Program Files/Microchip/xc32/v5.10/bin/bin/../../lib/gcc/pic32c/13.2.1/../../../../pic32c/lib/thumb/v6-m/nofp\libg-musl.a(__libc_start_main.o) (__progname_full)
c:/Program Files/Microchip/xc32/v5.10/bin/bin/../../lib/gcc/pic32c/13.2.1/../../../../pic32c/lib/thumb/v6-m/nofp\libg-musl.a(__environ.o)
                              c:/Program Files/Microchip/xc32/v5.10/bin/bin/../../lib/gcc/pic32c/13.2.1/../../../../pic32c/lib/thumb/v6-m/nofp\libg-musl.a(__libc_start_main.o) (__environ)
c:/Program Files/Microchip/xc32/v5.10/bin/bin/../../lib/gcc/pic32c/13.2.1/../../../../pic32c/lib/thumb/v6-m/nofp\libpic32c.a(pic32_data_init_clear.o)
                              (__dinit_clear_needed)
c:/Program Files/Microchip/xc32/v5.10/bin/bin/../../lib/gcc/pic32c/13.2.1/../../../../pic32c/lib/thumb/v6-m/nofp\libpic32c.a(pic32_data_init_copy.o)
                              (__dinit_copy_needed)

Microchip PIC32 Memory-Usage Report

ROM Program-Memory Usage
section                    address  length [bytes]      (dec)  Description
-------                 ----------  -------------------------  -----------
.vectors                 0xc000000           0x7c         124   
.text                    0xc00007c           0x20          32  App's exec code 
.text.__libc_start_init  0xc00009c           0x5c          92   
.text                    0xc0000f8           0x48          72  App's exec code 
.text.Reset_Handler      0xc000140           0x48          72   
.text.CLOCK_Initialize   0xc000188           0x40          64   
.text.__pic32c_data_ini  0xc0001c8           0x38          56   
.dinit                   0xc000200           0x30          48   
.text.__dinit_copy       0xc000230           0x1e          30   
.text.PORT_Initialize    0xc00024e           0x1c          28   
.text.SYS_Initialize     0xc00026a           0x14          20   
.text.NonMaskableInt_Ha  0xc00027e            0x2           2   
.rodata                  0xc000280           0x14          20  Read-only const 
.text.__dinit_clear      0xc000294           0x12          18   
.text.main               0xc0002a6            0xa          10   
.text.NVIC_Initialize    0xc0002b0            0x8           8   
.text.__dummy_decompres  0xc0002b8            0x4           4   
.text.HardFault_Handler  0xc0002bc            0x2           2   
.text.Dummy_Handler      0xc0002be            0x2           2   
.text.EVSYS_Initialize   0xc0002c0            0x2           2   
.text.Dummy_App_Func     0xc0002c2            0x2           2   
.text.__dummy_init_tls   0xc0002c4            0x2           2   
.text.__dummy            0xc0002c6            0x2           2   
      Total ROM used  :       0x2c8         712  1.1% of 0x10000
        --------------------------------------------------------------------------
         Total Program Memory used  :       0x2c8         712  1.1% of 0x10000
        --------------------------------------------------------------------------


RAM Data-Memory Usage
section                    address  length [bytes]      (dec)  Description
-------                 ----------  -------------------------  -----------
.bss                    0x20000000           0x50          80  Uninitialized data 
.bss                    0x20000050           0x1c          28  Uninitialized data 
.bss                    0x2000006c            0x4           4  Uninitialized data 
.bss                    0x20000070            0x4           4  Uninitialized data 
         Total RAM used  :        0x74         116  1.4% of 0x2000
        --------------------------------------------------------------------------
            Total Data Memory used  :        0x74         116  1.4% of 0x2000
        --------------------------------------------------------------------------


Dynamic Data-Memory Reservation
section                    address  length [bytes]      (dec)  Description
-------                 ----------  -------------------------  -----------
heap                    0x20000078          0x200         512  Reserved for heap 
stack                   0x20000290         0x1d68        7528  Reserved for stack 

        --------------------------------------------------------------------------

Microchip PIC32 Memory-Usage Report By Module

        text        data         bss         dec         hex    basename                   filename
--------------------------------------------------------------------------------
         126           0           0         126          7e    interrupts.c.o         CMakeFiles/PL10_default_default_XC32_compile.dir/C_/Users/c74305/Desktop/MAICA/SF/config.mcc/src/config/default/interrupts.c.o
          72           8          28         108          6c    crtbegin.o             c:/Program Files/Microchip/xc32/v5.10/bin/bin/../../lib/gcc/pic32c/13.2.1/thumb/v6-m/nofp/crtbegin.o
          94           0           0          94          5e    __libc_start_main.o    libg-musl.a
          82           0           4          86          56    data_init.o            libpic32c.a
           0           0          80          80          50    libc.o                 libg-musl.a
          74           0           0          74          4a    startup_xc32.c.o       CMakeFiles/PL10_default_default_XC32_compile.dir/C_/Users/c74305/Desktop/MAICA/SF/config.mcc/src/config/default/startup_xc32.c.o
          64           0           0          64          40    plib_clock.c.o         CMakeFiles/PL10_default_default_XC32_compile.dir/C_/Users/c74305/Desktop/MAICA/SF/config.mcc/src/config/default/peripheral/clock/plib_clock.c.o
          48           0           0          48          30    data_init              data_init
          44           0           0          44          2c    initialization.c.o     CMakeFiles/PL10_default_default_XC32_compile.dir/C_/Users/c74305/Desktop/MAICA/SF/config.mcc/src/config/default/initialization.c.o
          30           0           0          30          1e    pic32_data_init_copy.o libpic32c.a
          28           0           0          28          1c    plib_port.c.o          CMakeFiles/PL10_default_default_XC32_compile.dir/C_/Users/c74305/Desktop/MAICA/SF/config.mcc/src/config/default/peripheral/port/plib_port.c.o
          18           0           0          18          12    pic32_data_init_clear.olibpic32c.a
          16           0           0          16          10    crtn.o                 c:/Program Files/Microchip/xc32/v5.10/bin/bin/../../lib/gcc/pic32c/13.2.1/thumb/v6-m/nofp/crtn.o
          10           0           0          10           a    main.c.o               CMakeFiles/PL10_default_default_XC32_compile.dir/C_/Users/c74305/Desktop/MAICA/SF/config.mcc/src/main.c.o
           8           0           0           8           8    crti.o                 c:/Program Files/Microchip/xc32/v5.10/bin/bin/../../lib/gcc/pic32c/13.2.1/thumb/v6-m/nofp/crti.o
           8           0           0           8           8    plib_nvic.c.o          CMakeFiles/PL10_default_default_XC32_compile.dir/C_/Users/c74305/Desktop/MAICA/SF/config.mcc/src/config/default/peripheral/nvic/plib_nvic.c.o
           4           0           0           4           4    exceptions.c.o         CMakeFiles/PL10_default_default_XC32_compile.dir/C_/Users/c74305/Desktop/MAICA/SF/config.mcc/src/config/default/exceptions.c.o
           0           0           4           4           4    __environ.o            libg-musl.a
           2           0           0           2           2    plib_evsys.c.o         CMakeFiles/PL10_default_default_XC32_compile.dir/C_/Users/c74305/Desktop/MAICA/SF/config.mcc/src/config/default/peripheral/evsys/plib_evsys.c.o
--------------------------------------------------------------------------------
         728           8         116         852         354    C:\Users\c74305\Desktop\MAICA\SF\out\PL10\default.elf


Discarded input sections

 .text          0x00000000        0x0 c:/Program Files/Microchip/xc32/v5.10/bin/bin/../../lib/gcc/pic32c/13.2.1/thumb/v6-m/nofp/crti.o
 .data          0x00000000        0x0 c:/Program Files/Microchip/xc32/v5.10/bin/bin/../../lib/gcc/pic32c/13.2.1/thumb/v6-m/nofp/crti.o
 .bss           0x00000000        0x0 c:/Program Files/Microchip/xc32/v5.10/bin/bin/../../lib/gcc/pic32c/13.2.1/thumb/v6-m/nofp/crti.o
 .xc_stack_usage.hdr
                0x00000000        0xe c:/Program Files/Microchip/xc32/v5.10/bin/bin/../../lib/gcc/pic32c/13.2.1/thumb/v6-m/nofp/crti.o
 .xc_stack_usage
                0x00000000       0x26 c:/Program Files/Microchip/xc32/v5.10/bin/bin/../../lib/gcc/pic32c/13.2.1/thumb/v6-m/nofp/crti.o
 .data          0x00000000        0x4 c:/Program Files/Microchip/xc32/v5.10/bin/bin/../../lib/gcc/pic32c/13.2.1/thumb/v6-m/nofp/crtbegin.o
 .rodata        0x00000000       0x24 c:/Program Files/Microchip/xc32/v5.10/bin/bin/../../lib/gcc/pic32c/13.2.1/thumb/v6-m/nofp/crtbegin.o
 .xc_stack_usage
                0x00000000       0x3c c:/Program Files/Microchip/xc32/v5.10/bin/bin/../../lib/gcc/pic32c/13.2.1/thumb/v6-m/nofp/crtbegin.o
 .xc_stack_usage.hdr
                0x00000000        0xe c:/Program Files/Microchip/xc32/v5.10/bin/bin/../../lib/gcc/pic32c/13.2.1/thumb/v6-m/nofp/crtbegin.o
 .text          0x00000000        0x0 CMakeFiles/PL10_default_default_XC32_compile.dir/C_/Users/c74305/Desktop/MAICA/SF/config.mcc/src/config/default/exceptions.c.o
 .data          0x00000000        0x0 CMakeFiles/PL10_default_default_XC32_compile.dir/C_/Users/c74305/Desktop/MAICA/SF/config.mcc/src/config/default/exceptions.c.o
 .bss           0x00000000        0x0 CMakeFiles/PL10_default_default_XC32_compile.dir/C_/Users/c74305/Desktop/MAICA/SF/config.mcc/src/config/default/exceptions.c.o
 .text          0x00000000        0x0 CMakeFiles/PL10_default_default_XC32_compile.dir/C_/Users/c74305/Desktop/MAICA/SF/config.mcc/src/config/default/initialization.c.o
 .data          0x00000000        0x0 CMakeFiles/PL10_default_default_XC32_compile.dir/C_/Users/c74305/Desktop/MAICA/SF/config.mcc/src/config/default/initialization.c.o
 .bss           0x00000000        0x0 CMakeFiles/PL10_default_default_XC32_compile.dir/C_/Users/c74305/Desktop/MAICA/SF/config.mcc/src/config/default/initialization.c.o
 .text          0x00000000        0x0 CMakeFiles/PL10_default_default_XC32_compile.dir/C_/Users/c74305/Desktop/MAICA/SF/config.mcc/src/config/default/interrupts.c.o
 .data          0x00000000        0x0 CMakeFiles/PL10_default_default_XC32_compile.dir/C_/Users/c74305/Desktop/MAICA/SF/config.mcc/src/config/default/interrupts.c.o
 .bss           0x00000000        0x0 CMakeFiles/PL10_default_default_XC32_compile.dir/C_/Users/c74305/Desktop/MAICA/SF/config.mcc/src/config/default/interrupts.c.o
 .text          0x00000000        0x0 CMakeFiles/PL10_default_default_XC32_compile.dir/C_/Users/c74305/Desktop/MAICA/SF/config.mcc/src/config/default/libc_syscalls.c.o
 .data          0x00000000        0x0 CMakeFiles/PL10_default_default_XC32_compile.dir/C_/Users/c74305/Desktop/MAICA/SF/config.mcc/src/config/default/libc_syscalls.c.o
 .bss           0x00000000        0x0 CMakeFiles/PL10_default_default_XC32_compile.dir/C_/Users/c74305/Desktop/MAICA/SF/config.mcc/src/config/default/libc_syscalls.c.o
 .text._exit    0x00000000        0x2 CMakeFiles/PL10_default_default_XC32_compile.dir/C_/Users/c74305/Desktop/MAICA/SF/config.mcc/src/config/default/libc_syscalls.c.o
 .debug_info    0x00000000       0xaa CMakeFiles/PL10_default_default_XC32_compile.dir/C_/Users/c74305/Desktop/MAICA/SF/config.mcc/src/config/default/libc_syscalls.c.o
 .debug_abbrev  0x00000000       0x5d CMakeFiles/PL10_default_default_XC32_compile.dir/C_/Users/c74305/Desktop/MAICA/SF/config.mcc/src/config/default/libc_syscalls.c.o
 .debug_loc     0x00000000       0x15 CMakeFiles/PL10_default_default_XC32_compile.dir/C_/Users/c74305/Desktop/MAICA/SF/config.mcc/src/config/default/libc_syscalls.c.o
 .debug_aranges
                0x00000000       0x20 CMakeFiles/PL10_default_default_XC32_compile.dir/C_/Users/c74305/Desktop/MAICA/SF/config.mcc/src/config/default/libc_syscalls.c.o
 .debug_ranges  0x00000000       0x10 CMakeFiles/PL10_default_default_XC32_compile.dir/C_/Users/c74305/Desktop/MAICA/SF/config.mcc/src/config/default/libc_syscalls.c.o
 .debug_line    0x00000000       0x87 CMakeFiles/PL10_default_default_XC32_compile.dir/C_/Users/c74305/Desktop/MAICA/SF/config.mcc/src/config/default/libc_syscalls.c.o
 .debug_str     0x00000000      0x2c4 CMakeFiles/PL10_default_default_XC32_compile.dir/C_/Users/c74305/Desktop/MAICA/SF/config.mcc/src/config/default/libc_syscalls.c.o
 .comment       0x00000000       0x36 CMakeFiles/PL10_default_default_XC32_compile.dir/C_/Users/c74305/Desktop/MAICA/SF/config.mcc/src/config/default/libc_syscalls.c.o
 .debug_frame   0x00000000       0x20 CMakeFiles/PL10_default_default_XC32_compile.dir/C_/Users/c74305/Desktop/MAICA/SF/config.mcc/src/config/default/libc_syscalls.c.o
 .ARM.attributes
                0x00000000       0x2c CMakeFiles/PL10_default_default_XC32_compile.dir/C_/Users/c74305/Desktop/MAICA/SF/config.mcc/src/config/default/libc_syscalls.c.o
 .text          0x00000000        0x0 CMakeFiles/PL10_default_default_XC32_compile.dir/C_/Users/c74305/Desktop/MAICA/SF/config.mcc/src/config/default/peripheral/clock/plib_clock.c.o
 .data          0x00000000        0x0 CMakeFiles/PL10_default_default_XC32_compile.dir/C_/Users/c74305/Desktop/MAICA/SF/config.mcc/src/config/default/peripheral/clock/plib_clock.c.o
 .bss           0x00000000        0x0 CMakeFiles/PL10_default_default_XC32_compile.dir/C_/Users/c74305/Desktop/MAICA/SF/config.mcc/src/config/default/peripheral/clock/plib_clock.c.o
 .text          0x00000000        0x0 CMakeFiles/PL10_default_default_XC32_compile.dir/C_/Users/c74305/Desktop/MAICA/SF/config.mcc/src/config/default/peripheral/evsys/plib_evsys.c.o
 .data          0x00000000        0x0 CMakeFiles/PL10_default_default_XC32_compile.dir/C_/Users/c74305/Desktop/MAICA/SF/config.mcc/src/config/default/peripheral/evsys/plib_evsys.c.o
 .bss           0x00000000        0x0 CMakeFiles/PL10_default_default_XC32_compile.dir/C_/Users/c74305/Desktop/MAICA/SF/config.mcc/src/config/default/peripheral/evsys/plib_evsys.c.o
 .text          0x00000000        0x0 CMakeFiles/PL10_default_default_XC32_compile.dir/C_/Users/c74305/Desktop/MAICA/SF/config.mcc/src/config/default/peripheral/nvic/plib_nvic.c.o
 .data          0x00000000        0x0 CMakeFiles/PL10_default_default_XC32_compile.dir/C_/Users/c74305/Desktop/MAICA/SF/config.mcc/src/config/default/peripheral/nvic/plib_nvic.c.o
 .bss           0x00000000        0x0 CMakeFiles/PL10_default_default_XC32_compile.dir/C_/Users/c74305/Desktop/MAICA/SF/config.mcc/src/config/default/peripheral/nvic/plib_nvic.c.o
 .text.NVIC_INT_Enable
                0x00000000        0x8 CMakeFiles/PL10_default_default_XC32_compile.dir/C_/Users/c74305/Desktop/MAICA/SF/config.mcc/src/config/default/peripheral/nvic/plib_nvic.c.o
 .text.NVIC_INT_Disable
                0x00000000       0x12 CMakeFiles/PL10_default_default_XC32_compile.dir/C_/Users/c74305/Desktop/MAICA/SF/config.mcc/src/config/default/peripheral/nvic/plib_nvic.c.o
 .text.NVIC_INT_Restore
                0x00000000       0x14 CMakeFiles/PL10_default_default_XC32_compile.dir/C_/Users/c74305/Desktop/MAICA/SF/config.mcc/src/config/default/peripheral/nvic/plib_nvic.c.o
 .text.NVIC_INT_SourceDisable
                0x00000000       0x3c CMakeFiles/PL10_default_default_XC32_compile.dir/C_/Users/c74305/Desktop/MAICA/SF/config.mcc/src/config/default/peripheral/nvic/plib_nvic.c.o
 .text.NVIC_INT_SourceRestore
                0x00000000       0x1c CMakeFiles/PL10_default_default_XC32_compile.dir/C_/Users/c74305/Desktop/MAICA/SF/config.mcc/src/config/default/peripheral/nvic/plib_nvic.c.o
 .text          0x00000000        0x0 CMakeFiles/PL10_default_default_XC32_compile.dir/C_/Users/c74305/Desktop/MAICA/SF/config.mcc/src/config/default/peripheral/port/plib_port.c.o
 .data          0x00000000        0x0 CMakeFiles/PL10_default_default_XC32_compile.dir/C_/Users/c74305/Desktop/MAICA/SF/config.mcc/src/config/default/peripheral/port/plib_port.c.o
 .bss           0x00000000        0x0 CMakeFiles/PL10_default_default_XC32_compile.dir/C_/Users/c74305/Desktop/MAICA/SF/config.mcc/src/config/default/peripheral/port/plib_port.c.o
 .text.PORT_GroupRead
                0x00000000        0x4 CMakeFiles/PL10_default_default_XC32_compile.dir/C_/Users/c74305/Desktop/MAICA/SF/config.mcc/src/config/default/peripheral/port/plib_port.c.o
 .text.PORT_GroupWrite
                0x00000000        0xc CMakeFiles/PL10_default_default_XC32_compile.dir/C_/Users/c74305/Desktop/MAICA/SF/config.mcc/src/config/default/peripheral/port/plib_port.c.o
 .text.PORT_GroupLatchRead
                0x00000000        0x4 CMakeFiles/PL10_default_default_XC32_compile.dir/C_/Users/c74305/Desktop/MAICA/SF/config.mcc/src/config/default/peripheral/port/plib_port.c.o
 .text.PORT_GroupSet
                0x00000000        0x4 CMakeFiles/PL10_default_default_XC32_compile.dir/C_/Users/c74305/Desktop/MAICA/SF/config.mcc/src/config/default/peripheral/port/plib_port.c.o
 .text.PORT_GroupClear
                0x00000000        0x4 CMakeFiles/PL10_default_default_XC32_compile.dir/C_/Users/c74305/Desktop/MAICA/SF/config.mcc/src/config/default/peripheral/port/plib_port.c.o
 .text.PORT_GroupToggle
                0x00000000        0x4 CMakeFiles/PL10_default_default_XC32_compile.dir/C_/Users/c74305/Desktop/MAICA/SF/config.mcc/src/config/default/peripheral/port/plib_port.c.o
 .text.PORT_GroupInputEnable
                0x00000000       0x2a CMakeFiles/PL10_default_default_XC32_compile.dir/C_/Users/c74305/Desktop/MAICA/SF/config.mcc/src/config/default/peripheral/port/plib_port.c.o
 .text.PORT_GroupOutputEnable
                0x00000000        0x4 CMakeFiles/PL10_default_default_XC32_compile.dir/C_/Users/c74305/Desktop/MAICA/SF/config.mcc/src/config/default/peripheral/port/plib_port.c.o
 .text.PORT_PinPeripheralFunctionConfig
                0x00000000       0x48 CMakeFiles/PL10_default_default_XC32_compile.dir/C_/Users/c74305/Desktop/MAICA/SF/config.mcc/src/config/default/peripheral/port/plib_port.c.o
 .text.PORT_PinGPIOConfig
                0x00000000       0x1e CMakeFiles/PL10_default_default_XC32_compile.dir/C_/Users/c74305/Desktop/MAICA/SF/config.mcc/src/config/default/peripheral/port/plib_port.c.o
 .text          0x00000000        0x0 CMakeFiles/PL10_default_default_XC32_compile.dir/C_/Users/c74305/Desktop/MAICA/SF/config.mcc/src/config/default/startup_xc32.c.o
 .data          0x00000000        0x0 CMakeFiles/PL10_default_default_XC32_compile.dir/C_/Users/c74305/Desktop/MAICA/SF/config.mcc/src/config/default/startup_xc32.c.o
 .bss           0x00000000        0x0 CMakeFiles/PL10_default_default_XC32_compile.dir/C_/Users/c74305/Desktop/MAICA/SF/config.mcc/src/config/default/startup_xc32.c.o
 .text          0x00000000        0x0 CMakeFiles/PL10_default_default_XC32_compile.dir/C_/Users/c74305/Desktop/MAICA/SF/config.mcc/src/config/default/stdio/xc32_monitor.c.o
 .data          0x00000000        0x0 CMakeFiles/PL10_default_default_XC32_compile.dir/C_/Users/c74305/Desktop/MAICA/SF/config.mcc/src/config/default/stdio/xc32_monitor.c.o
 .bss           0x00000000        0x0 CMakeFiles/PL10_default_default_XC32_compile.dir/C_/Users/c74305/Desktop/MAICA/SF/config.mcc/src/config/default/stdio/xc32_monitor.c.o
 .text.read     0x00000000        0x6 CMakeFiles/PL10_default_default_XC32_compile.dir/C_/Users/c74305/Desktop/MAICA/SF/config.mcc/src/config/default/stdio/xc32_monitor.c.o
 .text.write    0x00000000        0x6 CMakeFiles/PL10_default_default_XC32_compile.dir/C_/Users/c74305/Desktop/MAICA/SF/config.mcc/src/config/default/stdio/xc32_monitor.c.o
 .debug_info    0x00000000       0xf5 CMakeFiles/PL10_default_default_XC32_compile.dir/C_/Users/c74305/Desktop/MAICA/SF/config.mcc/src/config/default/stdio/xc32_monitor.c.o
 .debug_abbrev  0x00000000       0xb2 CMakeFiles/PL10_default_default_XC32_compile.dir/C_/Users/c74305/Desktop/MAICA/SF/config.mcc/src/config/default/stdio/xc32_monitor.c.o
 .debug_loc     0x00000000       0x56 CMakeFiles/PL10_default_default_XC32_compile.dir/C_/Users/c74305/Desktop/MAICA/SF/config.mcc/src/config/default/stdio/xc32_monitor.c.o
 .debug_aranges
                0x00000000       0x28 CMakeFiles/PL10_default_default_XC32_compile.dir/C_/Users/c74305/Desktop/MAICA/SF/config.mcc/src/config/default/stdio/xc32_monitor.c.o
 .debug_ranges  0x00000000       0x18 CMakeFiles/PL10_default_default_XC32_compile.dir/C_/Users/c74305/Desktop/MAICA/SF/config.mcc/src/config/default/stdio/xc32_monitor.c.o
 .debug_line    0x00000000      0x102 CMakeFiles/PL10_default_default_XC32_compile.dir/C_/Users/c74305/Desktop/MAICA/SF/config.mcc/src/config/default/stdio/xc32_monitor.c.o
 .debug_str     0x00000000      0x290 CMakeFiles/PL10_default_default_XC32_compile.dir/C_/Users/c74305/Desktop/MAICA/SF/config.mcc/src/config/default/stdio/xc32_monitor.c.o
 .comment       0x00000000       0x36 CMakeFiles/PL10_default_default_XC32_compile.dir/C_/Users/c74305/Desktop/MAICA/SF/config.mcc/src/config/default/stdio/xc32_monitor.c.o
 .debug_frame   0x00000000       0x30 CMakeFiles/PL10_default_default_XC32_compile.dir/C_/Users/c74305/Desktop/MAICA/SF/config.mcc/src/config/default/stdio/xc32_monitor.c.o
 .ARM.attributes
                0x00000000       0x2c CMakeFiles/PL10_default_default_XC32_compile.dir/C_/Users/c74305/Desktop/MAICA/SF/config.mcc/src/config/default/stdio/xc32_monitor.c.o
 .text          0x00000000        0x0 CMakeFiles/PL10_default_default_XC32_compile.dir/C_/Users/c74305/Desktop/MAICA/SF/config.mcc/src/main.c.o
 .data          0x00000000        0x0 CMakeFiles/PL10_default_default_XC32_compile.dir/C_/Users/c74305/Desktop/MAICA/SF/config.mcc/src/main.c.o
 .bss           0x00000000        0x0 CMakeFiles/PL10_default_default_XC32_compile.dir/C_/Users/c74305/Desktop/MAICA/SF/config.mcc/src/main.c.o
 .text          0x00000000        0x0 c:/Program Files/Microchip/xc32/v5.10/bin/bin/../../lib/gcc/pic32c/13.2.1/../../../../pic32c/lib/thumb/v6-m/nofp\libpic32c.a(data_init.o)
 .data          0x00000000        0x0 c:/Program Files/Microchip/xc32/v5.10/bin/bin/../../lib/gcc/pic32c/13.2.1/../../../../pic32c/lib/thumb/v6-m/nofp\libpic32c.a(data_init.o)
 .xc_stack_usage
                0x00000000       0x68 c:/Program Files/Microchip/xc32/v5.10/bin/bin/../../lib/gcc/pic32c/13.2.1/../../../../pic32c/lib/thumb/v6-m/nofp\libpic32c.a(data_init.o)
 .xc_stack_usage.hdr
                0x00000000        0xe c:/Program Files/Microchip/xc32/v5.10/bin/bin/../../lib/gcc/pic32c/13.2.1/../../../../pic32c/lib/thumb/v6-m/nofp\libpic32c.a(data_init.o)
 .text          0x00000000        0x0 c:/Program Files/Microchip/xc32/v5.10/bin/bin/../../lib/gcc/pic32c/13.2.1/../../../../pic32c/lib/thumb/v6-m/nofp\libg-musl.a(__libc_start_main.o)
 .data          0x00000000        0x0 c:/Program Files/Microchip/xc32/v5.10/bin/bin/../../lib/gcc/pic32c/13.2.1/../../../../pic32c/lib/thumb/v6-m/nofp\libg-musl.a(__libc_start_main.o)
 .bss           0x00000000        0x0 c:/Program Files/Microchip/xc32/v5.10/bin/bin/../../lib/gcc/pic32c/13.2.1/../../../../pic32c/lib/thumb/v6-m/nofp\libg-musl.a(__libc_start_main.o)
 .xc_stack_usage
                0x00000000       0x34 c:/Program Files/Microchip/xc32/v5.10/bin/bin/../../lib/gcc/pic32c/13.2.1/../../../../pic32c/lib/thumb/v6-m/nofp\libg-musl.a(__libc_start_main.o)
 .xc_stack_usage.hdr
                0x00000000        0xe c:/Program Files/Microchip/xc32/v5.10/bin/bin/../../lib/gcc/pic32c/13.2.1/../../../../pic32c/lib/thumb/v6-m/nofp\libg-musl.a(__libc_start_main.o)
 .text          0x00000000        0x0 c:/Program Files/Microchip/xc32/v5.10/bin/bin/../../lib/gcc/pic32c/13.2.1/../../../../pic32c/lib/thumb/v6-m/nofp\libg-musl.a(libc.o)
 .data          0x00000000        0x0 c:/Program Files/Microchip/xc32/v5.10/bin/bin/../../lib/gcc/pic32c/13.2.1/../../../../pic32c/lib/thumb/v6-m/nofp\libg-musl.a(libc.o)
 .xc_stack_usage.hdr
                0x00000000        0xe c:/Program Files/Microchip/xc32/v5.10/bin/bin/../../lib/gcc/pic32c/13.2.1/../../../../pic32c/lib/thumb/v6-m/nofp\libg-musl.a(libc.o)
 .text          0x00000000        0x0 c:/Program Files/Microchip/xc32/v5.10/bin/bin/../../lib/gcc/pic32c/13.2.1/../../../../pic32c/lib/thumb/v6-m/nofp\libg-musl.a(__environ.o)
 .data          0x00000000        0x0 c:/Program Files/Microchip/xc32/v5.10/bin/bin/../../lib/gcc/pic32c/13.2.1/../../../../pic32c/lib/thumb/v6-m/nofp\libg-musl.a(__environ.o)
 .xc_stack_usage.hdr
                0x00000000        0xe c:/Program Files/Microchip/xc32/v5.10/bin/bin/../../lib/gcc/pic32c/13.2.1/../../../../pic32c/lib/thumb/v6-m/nofp\libg-musl.a(__environ.o)
 .text          0x00000000        0x0 c:/Program Files/Microchip/xc32/v5.10/bin/bin/../../lib/gcc/pic32c/13.2.1/thumb/v6-m/nofp/crtend.o
 .data          0x00000000        0x0 c:/Program Files/Microchip/xc32/v5.10/bin/bin/../../lib/gcc/pic32c/13.2.1/thumb/v6-m/nofp/crtend.o
 .bss           0x00000000        0x0 c:/Program Files/Microchip/xc32/v5.10/bin/bin/../../lib/gcc/pic32c/13.2.1/thumb/v6-m/nofp/crtend.o
 .rodata        0x00000000       0x24 c:/Program Files/Microchip/xc32/v5.10/bin/bin/../../lib/gcc/pic32c/13.2.1/thumb/v6-m/nofp/crtend.o
 .eh_frame      0x00000000        0x4 c:/Program Files/Microchip/xc32/v5.10/bin/bin/../../lib/gcc/pic32c/13.2.1/thumb/v6-m/nofp/crtend.o
 .xc_stack_usage.hdr
                0x00000000        0xe c:/Program Files/Microchip/xc32/v5.10/bin/bin/../../lib/gcc/pic32c/13.2.1/thumb/v6-m/nofp/crtend.o
 .comment       0x00000000       0x36 c:/Program Files/Microchip/xc32/v5.10/bin/bin/../../lib/gcc/pic32c/13.2.1/thumb/v6-m/nofp/crtend.o
 .ARM.attributes
                0x00000000       0x2c c:/Program Files/Microchip/xc32/v5.10/bin/bin/../../lib/gcc/pic32c/13.2.1/thumb/v6-m/nofp/crtend.o
 .text          0x00000000        0x0 c:/Program Files/Microchip/xc32/v5.10/bin/bin/../../lib/gcc/pic32c/13.2.1/thumb/v6-m/nofp/crtn.o
 .data          0x00000000        0x0 c:/Program Files/Microchip/xc32/v5.10/bin/bin/../../lib/gcc/pic32c/13.2.1/thumb/v6-m/nofp/crtn.o
 .bss           0x00000000        0x0 c:/Program Files/Microchip/xc32/v5.10/bin/bin/../../lib/gcc/pic32c/13.2.1/thumb/v6-m/nofp/crtn.o
 .xc_stack_usage.hdr
                0x00000000        0xe c:/Program Files/Microchip/xc32/v5.10/bin/bin/../../lib/gcc/pic32c/13.2.1/thumb/v6-m/nofp/crtn.o
 .text          0x00000000        0x0 c:/Program Files/Microchip/xc32/v5.10/bin/bin/../../lib/gcc/pic32c/13.2.1/../../../../pic32c/lib/thumb/v6-m/nofp\libpic32c.a(pic32_data_init_clear.o)
 .data          0x00000000        0x0 c:/Program Files/Microchip/xc32/v5.10/bin/bin/../../lib/gcc/pic32c/13.2.1/../../../../pic32c/lib/thumb/v6-m/nofp\libpic32c.a(pic32_data_init_clear.o)
 .bss           0x00000000        0x0 c:/Program Files/Microchip/xc32/v5.10/bin/bin/../../lib/gcc/pic32c/13.2.1/../../../../pic32c/lib/thumb/v6-m/nofp\libpic32c.a(pic32_data_init_clear.o)
 .xc_stack_usage
                0x00000000       0x1b c:/Program Files/Microchip/xc32/v5.10/bin/bin/../../lib/gcc/pic32c/13.2.1/../../../../pic32c/lib/thumb/v6-m/nofp\libpic32c.a(pic32_data_init_clear.o)
 .xc_stack_usage.hdr
                0x00000000        0xe c:/Program Files/Microchip/xc32/v5.10/bin/bin/../../lib/gcc/pic32c/13.2.1/../../../../pic32c/lib/thumb/v6-m/nofp\libpic32c.a(pic32_data_init_clear.o)
 .text          0x00000000        0x0 c:/Program Files/Microchip/xc32/v5.10/bin/bin/../../lib/gcc/pic32c/13.2.1/../../../../pic32c/lib/thumb/v6-m/nofp\libpic32c.a(pic32_data_init_copy.o)
 .data          0x00000000        0x0 c:/Program Files/Microchip/xc32/v5.10/bin/bin/../../lib/gcc/pic32c/13.2.1/../../../../pic32c/lib/thumb/v6-m/nofp\libpic32c.a(pic32_data_init_copy.o)
 .bss           0x00000000        0x0 c:/Program Files/Microchip/xc32/v5.10/bin/bin/../../lib/gcc/pic32c/13.2.1/../../../../pic32c/lib/thumb/v6-m/nofp\libpic32c.a(pic32_data_init_copy.o)
 .xc_stack_usage
                0x00000000       0x1a c:/Program Files/Microchip/xc32/v5.10/bin/bin/../../lib/gcc/pic32c/13.2.1/../../../../pic32c/lib/thumb/v6-m/nofp\libpic32c.a(pic32_data_init_copy.o)
 .xc_stack_usage.hdr
                0x00000000        0xe c:/Program Files/Microchip/xc32/v5.10/bin/bin/../../lib/gcc/pic32c/13.2.1/../../../../pic32c/lib/thumb/v6-m/nofp\libpic32c.a(pic32_data_init_copy.o)

Memory Configuration

Name             Origin             Length             Attributes
rom              0x0c000000         0x00010000         xrl
ram              0x20000000         0x00002000         xw!r
*default*        0x00000000         0xffffffff

Linker script and memory map

LOAD c:/Program Files/Microchip/xc32/v5.10/bin/bin/../../lib/gcc/pic32c/13.2.1/thumb/v6-m/nofp/crti.o
LOAD c:/Program Files/Microchip/xc32/v5.10/bin/bin/../../lib/gcc/pic32c/13.2.1/thumb/v6-m/nofp/crtbegin.o
                0x00000001                        __MPLAB_BUILD = 0x1
                0x0c010000                        __rom_end = (ORIGIN (rom) + LENGTH (rom))
                0x20002000                        __ram_end = (ORIGIN (ram) + LENGTH (ram))

.vectors        0x0c000000       0x7c
                0x0c000000                        . = ALIGN (0x4)
                0x0c000000                        _sfixed = .
 *(.vectors .vectors.* .vectors_default .vectors_default.*)
 .vectors       0x0c000000       0x7c CMakeFiles/PL10_default_default_XC32_compile.dir/C_/Users/c74305/Desktop/MAICA/SF/config.mcc/src/config/default/interrupts.c.o
                0x0c000000                exception_table
 *(.isr_vector)
 *(.reset*)
 *(.after_vectors)

.text           0x0c00007c       0x20
                0x0c00007c                        . = ALIGN (0x4)
 *(.glue_7t)
 .glue_7t       0x0c00007c        0x0 linker stubs
 *(.glue_7)
 .glue_7        0x0c00007c        0x0 linker stubs
 *(.gnu.linkonce.r.*)
 *(.ARM.extab* .gnu.linkonce.armextab.*)
                0x0c00007c                        . = ALIGN (0x4)
 *(.init)
 .init          0x0c00007c        0x4 c:/Program Files/Microchip/xc32/v5.10/bin/bin/../../lib/gcc/pic32c/13.2.1/thumb/v6-m/nofp/crti.o
                0x0c00007c                _init
 .init          0x0c000080        0x8 c:/Program Files/Microchip/xc32/v5.10/bin/bin/../../lib/gcc/pic32c/13.2.1/thumb/v6-m/nofp/crtn.o
                0x0c000088                        . = ALIGN (0x4)
                0x0c000088                        __preinit_array_start = .
 *(.preinit_array)
                0x0c000088                        __preinit_array_end = .
                0x0c000088                        . = ALIGN (0x4)
                0x0c000088                        __init_array_start = .
 *(SORT_BY_NAME(.init_array.*))
 *(.init_array)
 .init_array    0x0c000088        0x4 c:/Program Files/Microchip/xc32/v5.10/bin/bin/../../lib/gcc/pic32c/13.2.1/thumb/v6-m/nofp/crtbegin.o
                0x0c00008c                        __init_array_end = .
                0x0c00008c                        . = ALIGN (0x4)
 *crtbegin.o(.ctors)
 *(EXCLUDE_FILE(*crtend.o) .ctors)
 *(SORT_BY_NAME(.ctors.*))
 *crtend.o(.ctors)
                0x0c00008c                        . = ALIGN (0x4)
 *(.fini)
 .fini          0x0c00008c        0x4 c:/Program Files/Microchip/xc32/v5.10/bin/bin/../../lib/gcc/pic32c/13.2.1/thumb/v6-m/nofp/crti.o
                0x0c00008c                _fini
 .fini          0x0c000090        0x8 c:/Program Files/Microchip/xc32/v5.10/bin/bin/../../lib/gcc/pic32c/13.2.1/thumb/v6-m/nofp/crtn.o
                0x0c000098                        . = ALIGN (0x4)
                0x0c000098                        __fini_array_start = .
 *(.fini_array)
 .fini_array    0x0c000098        0x4 c:/Program Files/Microchip/xc32/v5.10/bin/bin/../../lib/gcc/pic32c/13.2.1/thumb/v6-m/nofp/crtbegin.o
 *(SORT_BY_NAME(.fini_array.*))
                0x0c00009c                        __fini_array_end = .
 *crtbegin.o(.dtors)
 *(EXCLUDE_FILE(*crtend.o) .dtors)
 *(SORT_BY_NAME(.dtors.*))
 *crtend.o(.dtors)
                0x0c00009c                        . = ALIGN (0x4)
                0x0c00009c                        _efixed = .
                [!provide]                        PROVIDE (__exidx_start = .)

.ARM.exidx
 *(.ARM.exidx* .gnu.linkonce.armexidx.*)
                [!provide]                        PROVIDE (__exidx_end = .)
                0x0c00009c                        . = ALIGN (0x4)
                0x0c00009c                        _etext = .

.bss            0x20000000        0x0
                0x20000000                        . = ALIGN (0x4)
                0x20000000                        __bss_start__ = .
                0x20000000                        _sbss = .
                0x20000000                        _szero = .
 *(COMMON)
                0x20000000                        . = ALIGN (0x4)
                0x20000000                        __bss_end__ = .
                0x20000000                        _ebss = .
                0x20000000                        _ezero = .
                0x20000000                        . = ALIGN (0x4)
                0x20000000                        _end = .
                0x20001fff                        _ram_end_ = ((ORIGIN (ram) + LENGTH (ram)) - 0x1)
                0x00000200                        _min_heap_size = 0x200
LOAD CMakeFiles/PL10_default_default_XC32_compile.dir/C_/Users/c74305/Desktop/MAICA/SF/config.mcc/src/config/default/exceptions.c.o
LOAD CMakeFiles/PL10_default_default_XC32_compile.dir/C_/Users/c74305/Desktop/MAICA/SF/config.mcc/src/config/default/initialization.c.o
LOAD CMakeFiles/PL10_default_default_XC32_compile.dir/C_/Users/c74305/Desktop/MAICA/SF/config.mcc/src/config/default/interrupts.c.o
LOAD CMakeFiles/PL10_default_default_XC32_compile.dir/C_/Users/c74305/Desktop/MAICA/SF/config.mcc/src/config/default/libc_syscalls.c.o
LOAD CMakeFiles/PL10_default_default_XC32_compile.dir/C_/Users/c74305/Desktop/MAICA/SF/config.mcc/src/config/default/peripheral/clock/plib_clock.c.o
LOAD CMakeFiles/PL10_default_default_XC32_compile.dir/C_/Users/c74305/Desktop/MAICA/SF/config.mcc/src/config/default/peripheral/evsys/plib_evsys.c.o
LOAD CMakeFiles/PL10_default_default_XC32_compile.dir/C_/Users/c74305/Desktop/MAICA/SF/config.mcc/src/config/default/peripheral/nvic/plib_nvic.c.o
LOAD CMakeFiles/PL10_default_default_XC32_compile.dir/C_/Users/c74305/Desktop/MAICA/SF/config.mcc/src/config/default/peripheral/port/plib_port.c.o
LOAD CMakeFiles/PL10_default_default_XC32_compile.dir/C_/Users/c74305/Desktop/MAICA/SF/config.mcc/src/config/default/startup_xc32.c.o
LOAD CMakeFiles/PL10_default_default_XC32_compile.dir/C_/Users/c74305/Desktop/MAICA/SF/config.mcc/src/config/default/stdio/xc32_monitor.c.o
LOAD CMakeFiles/PL10_default_default_XC32_compile.dir/C_/Users/c74305/Desktop/MAICA/SF/config.mcc/src/main.c.o
START GROUP
LOAD c:/Program Files/Microchip/xc32/v5.10/bin/bin/../../lib/gcc/pic32c/13.2.1/../../../../pic32c/lib/thumb/v6-m/nofp\libpic32c.a
LOAD c:/Program Files/Microchip/xc32/v5.10/bin/bin/../../lib/gcc/pic32c/13.2.1/../../../../pic32c/lib/thumb/v6-m/nofp\libc-size-musl.a
LOAD c:/Program Files/Microchip/xc32/v5.10/bin/bin/../../lib/gcc/pic32c/13.2.1/../../../../pic32c/lib/thumb/v6-m/nofp\liblmalloc-musl.a
LOAD c:/Program Files/Microchip/xc32/v5.10/bin/bin/../../lib/gcc/pic32c/13.2.1/../../../../pic32c/lib/thumb/v6-m/nofp\libg-musl.a
LOAD c:/Program Files/Microchip/xc32/v5.10/bin/bin/../../lib/gcc/pic32c/13.2.1/../../../../pic32c/lib/thumb/v6-m/nofp\libc-musl.a
LOAD c:/Program Files/Microchip/xc32/v5.10/bin/bin/../../lib/gcc/pic32c/13.2.1/../../../../pic32c/lib/thumb/v6-m/nofp\libm-fast-emfloat.a
LOAD c:/Program Files/Microchip/xc32/v5.10/bin/bin/../../lib/gcc/pic32c/13.2.1/../../../../pic32c/lib/thumb/v6-m/nofp\libm-musl.a
END GROUP
LOAD c:/Program Files/Microchip/xc32/v5.10/bin/bin/../../lib/gcc/pic32c/13.2.1/thumb/v6-m/nofp\libgcc.a
LOAD c:/Program Files/Microchip/xc32/v5.10/bin/bin/../../lib/gcc/pic32c/13.2.1/thumb/v6-m/nofp/crtend.o
LOAD c:/Program Files/Microchip/xc32/v5.10/bin/bin/../../lib/gcc/pic32c/13.2.1/thumb/v6-m/nofp/crtn.o
OUTPUT(C:\Users\c74305\Desktop\MAICA\SF\out\PL10\default.elf elf32-littlearm)
LOAD linker stubs
LOAD data_init

.note           0x00000000      0x318
 .note          0x00000000       0x18 c:/Program Files/Microchip/xc32/v5.10/bin/bin/../../lib/gcc/pic32c/13.2.1/thumb/v6-m/nofp/crti.o
 .note          0x00000018       0x18 c:/Program Files/Microchip/xc32/v5.10/bin/bin/../../lib/gcc/pic32c/13.2.1/thumb/v6-m/nofp/crtbegin.o
 .note          0x00000030       0x18 CMakeFiles/PL10_default_default_XC32_compile.dir/C_/Users/c74305/Desktop/MAICA/SF/config.mcc/src/config/default/exceptions.c.o
 .note          0x00000048      0x138 CMakeFiles/PL10_default_default_XC32_compile.dir/C_/Users/c74305/Desktop/MAICA/SF/config.mcc/src/config/default/initialization.c.o
 .note          0x00000180       0x18 CMakeFiles/PL10_default_default_XC32_compile.dir/C_/Users/c74305/Desktop/MAICA/SF/config.mcc/src/config/default/interrupts.c.o
 .note          0x00000198       0x18 CMakeFiles/PL10_default_default_XC32_compile.dir/C_/Users/c74305/Desktop/MAICA/SF/config.mcc/src/config/default/libc_syscalls.c.o
 .note          0x000001b0       0x18 CMakeFiles/PL10_default_default_XC32_compile.dir/C_/Users/c74305/Desktop/MAICA/SF/config.mcc/src/config/default/peripheral/clock/plib_clock.c.o
 .note          0x000001c8       0x18 CMakeFiles/PL10_default_default_XC32_compile.dir/C_/Users/c74305/Desktop/MAICA/SF/config.mcc/src/config/default/peripheral/evsys/plib_evsys.c.o
 .note          0x000001e0       0x18 CMakeFiles/PL10_default_default_XC32_compile.dir/C_/Users/c74305/Desktop/MAICA/SF/config.mcc/src/config/default/peripheral/nvic/plib_nvic.c.o
 .note          0x000001f8       0x18 CMakeFiles/PL10_default_default_XC32_compile.dir/C_/Users/c74305/Desktop/MAICA/SF/config.mcc/src/config/default/peripheral/port/plib_port.c.o
 .note          0x00000210       0x18 CMakeFiles/PL10_default_default_XC32_compile.dir/C_/Users/c74305/Desktop/MAICA/SF/config.mcc/src/config/default/startup_xc32.c.o
 .note          0x00000228       0x18 CMakeFiles/PL10_default_default_XC32_compile.dir/C_/Users/c74305/Desktop/MAICA/SF/config.mcc/src/config/default/stdio/xc32_monitor.c.o
 .note          0x00000240       0x18 CMakeFiles/PL10_default_default_XC32_compile.dir/C_/Users/c74305/Desktop/MAICA/SF/config.mcc/src/main.c.o
 .note          0x00000258       0x18 c:/Program Files/Microchip/xc32/v5.10/bin/bin/../../lib/gcc/pic32c/13.2.1/../../../../pic32c/lib/thumb/v6-m/nofp\libpic32c.a(data_init.o)
 .note          0x00000270       0x18 c:/Program Files/Microchip/xc32/v5.10/bin/bin/../../lib/gcc/pic32c/13.2.1/../../../../pic32c/lib/thumb/v6-m/nofp\libg-musl.a(__libc_start_main.o)
 .note          0x00000288       0x18 c:/Program Files/Microchip/xc32/v5.10/bin/bin/../../lib/gcc/pic32c/13.2.1/../../../../pic32c/lib/thumb/v6-m/nofp\libg-musl.a(libc.o)
 .note          0x000002a0       0x18 c:/Program Files/Microchip/xc32/v5.10/bin/bin/../../lib/gcc/pic32c/13.2.1/../../../../pic32c/lib/thumb/v6-m/nofp\libg-musl.a(__environ.o)
 .note          0x000002b8       0x18 c:/Program Files/Microchip/xc32/v5.10/bin/bin/../../lib/gcc/pic32c/13.2.1/thumb/v6-m/nofp/crtend.o
 .note          0x000002d0       0x18 c:/Program Files/Microchip/xc32/v5.10/bin/bin/../../lib/gcc/pic32c/13.2.1/thumb/v6-m/nofp/crtn.o
 .note          0x000002e8       0x18 c:/Program Files/Microchip/xc32/v5.10/bin/bin/../../lib/gcc/pic32c/13.2.1/../../../../pic32c/lib/thumb/v6-m/nofp\libpic32c.a(pic32_data_init_clear.o)
 .note          0x00000300       0x18 c:/Program Files/Microchip/xc32/v5.10/bin/bin/../../lib/gcc/pic32c/13.2.1/../../../../pic32c/lib/thumb/v6-m/nofp\libpic32c.a(pic32_data_init_copy.o)

.ARM.attributes
                0x00000000       0x2c
 .ARM.attributes
                0x00000000       0x1e c:/Program Files/Microchip/xc32/v5.10/bin/bin/../../lib/gcc/pic32c/13.2.1/thumb/v6-m/nofp/crti.o
 .ARM.attributes
                0x0000001e       0x2c c:/Program Files/Microchip/xc32/v5.10/bin/bin/../../lib/gcc/pic32c/13.2.1/thumb/v6-m/nofp/crtbegin.o
 .ARM.attributes
                0x0000004a       0x2c CMakeFiles/PL10_default_default_XC32_compile.dir/C_/Users/c74305/Desktop/MAICA/SF/config.mcc/src/config/default/exceptions.c.o
 .ARM.attributes
                0x00000076       0x2c CMakeFiles/PL10_default_default_XC32_compile.dir/C_/Users/c74305/Desktop/MAICA/SF/config.mcc/src/config/default/initialization.c.o
 .ARM.attributes
                0x000000a2       0x2c CMakeFiles/PL10_default_default_XC32_compile.dir/C_/Users/c74305/Desktop/MAICA/SF/config.mcc/src/config/default/interrupts.c.o
 .ARM.attributes
                0x000000ce       0x2c CMakeFiles/PL10_default_default_XC32_compile.dir/C_/Users/c74305/Desktop/MAICA/SF/config.mcc/src/config/default/peripheral/clock/plib_clock.c.o
 .ARM.attributes
                0x000000fa       0x2c CMakeFiles/PL10_default_default_XC32_compile.dir/C_/Users/c74305/Desktop/MAICA/SF/config.mcc/src/config/default/peripheral/evsys/plib_evsys.c.o
 .ARM.attributes
                0x00000126       0x2c CMakeFiles/PL10_default_default_XC32_compile.dir/C_/Users/c74305/Desktop/MAICA/SF/config.mcc/src/config/default/peripheral/nvic/plib_nvic.c.o
 .ARM.attributes
                0x00000152       0x2c CMakeFiles/PL10_default_default_XC32_compile.dir/C_/Users/c74305/Desktop/MAICA/SF/config.mcc/src/config/default/peripheral/port/plib_port.c.o
 .ARM.attributes
                0x0000017e       0x2c CMakeFiles/PL10_default_default_XC32_compile.dir/C_/Users/c74305/Desktop/MAICA/SF/config.mcc/src/config/default/startup_xc32.c.o
 .ARM.attributes
                0x000001aa       0x2c CMakeFiles/PL10_default_default_XC32_compile.dir/C_/Users/c74305/Desktop/MAICA/SF/config.mcc/src/main.c.o
 .ARM.attributes
                0x000001d6       0x2c c:/Program Files/Microchip/xc32/v5.10/bin/bin/../../lib/gcc/pic32c/13.2.1/../../../../pic32c/lib/thumb/v6-m/nofp\libpic32c.a(data_init.o)
 .ARM.attributes
                0x00000202       0x2e c:/Program Files/Microchip/xc32/v5.10/bin/bin/../../lib/gcc/pic32c/13.2.1/../../../../pic32c/lib/thumb/v6-m/nofp\libg-musl.a(__libc_start_main.o)
 .ARM.attributes
                0x00000230       0x2e c:/Program Files/Microchip/xc32/v5.10/bin/bin/../../lib/gcc/pic32c/13.2.1/../../../../pic32c/lib/thumb/v6-m/nofp\libg-musl.a(libc.o)
 .ARM.attributes
                0x0000025e       0x2e c:/Program Files/Microchip/xc32/v5.10/bin/bin/../../lib/gcc/pic32c/13.2.1/../../../../pic32c/lib/thumb/v6-m/nofp\libg-musl.a(__environ.o)
 .ARM.attributes
                0x0000028c       0x1e c:/Program Files/Microchip/xc32/v5.10/bin/bin/../../lib/gcc/pic32c/13.2.1/thumb/v6-m/nofp/crtn.o
 .ARM.attributes
                0x000002aa       0x2c c:/Program Files/Microchip/xc32/v5.10/bin/bin/../../lib/gcc/pic32c/13.2.1/../../../../pic32c/lib/thumb/v6-m/nofp\libpic32c.a(pic32_data_init_clear.o)
 .ARM.attributes
                0x000002d6       0x2c c:/Program Files/Microchip/xc32/v5.10/bin/bin/../../lib/gcc/pic32c/13.2.1/../../../../pic32c/lib/thumb/v6-m/nofp\libpic32c.a(pic32_data_init_copy.o)

.comment        0x00000000       0x35
 .comment       0x00000000       0x35 c:/Program Files/Microchip/xc32/v5.10/bin/bin/../../lib/gcc/pic32c/13.2.1/thumb/v6-m/nofp/crtbegin.o
                                 0x36 (size before relaxing)
 .comment       0x00000035       0x36 CMakeFiles/PL10_default_default_XC32_compile.dir/C_/Users/c74305/Desktop/MAICA/SF/config.mcc/src/config/default/exceptions.c.o
 .comment       0x00000035       0x36 CMakeFiles/PL10_default_default_XC32_compile.dir/C_/Users/c74305/Desktop/MAICA/SF/config.mcc/src/config/default/initialization.c.o
 .comment       0x00000035       0x36 CMakeFiles/PL10_default_default_XC32_compile.dir/C_/Users/c74305/Desktop/MAICA/SF/config.mcc/src/config/default/interrupts.c.o
 .comment       0x00000035       0x36 CMakeFiles/PL10_default_default_XC32_compile.dir/C_/Users/c74305/Desktop/MAICA/SF/config.mcc/src/config/default/peripheral/clock/plib_clock.c.o
 .comment       0x00000035       0x36 CMakeFiles/PL10_default_default_XC32_compile.dir/C_/Users/c74305/Desktop/MAICA/SF/config.mcc/src/config/default/peripheral/evsys/plib_evsys.c.o
 .comment       0x00000035       0x36 CMakeFiles/PL10_default_default_XC32_compile.dir/C_/Users/c74305/Desktop/MAICA/SF/config.mcc/src/config/default/peripheral/nvic/plib_nvic.c.o
 .comment       0x00000035       0x36 CMakeFiles/PL10_default_default_XC32_compile.dir/C_/Users/c74305/Desktop/MAICA/SF/config.mcc/src/config/default/peripheral/port/plib_port.c.o
 .comment       0x00000035       0x36 CMakeFiles/PL10_default_default_XC32_compile.dir/C_/Users/c74305/Desktop/MAICA/SF/config.mcc/src/config/default/startup_xc32.c.o
 .comment       0x00000035       0x36 CMakeFiles/PL10_default_default_XC32_compile.dir/C_/Users/c74305/Desktop/MAICA/SF/config.mcc/src/main.c.o
 .comment       0x00000035       0x36 c:/Program Files/Microchip/xc32/v5.10/bin/bin/../../lib/gcc/pic32c/13.2.1/../../../../pic32c/lib/thumb/v6-m/nofp\libpic32c.a(data_init.o)
 .comment       0x00000035       0x36 c:/Program Files/Microchip/xc32/v5.10/bin/bin/../../lib/gcc/pic32c/13.2.1/../../../../pic32c/lib/thumb/v6-m/nofp\libg-musl.a(__libc_start_main.o)
 .comment       0x00000035       0x36 c:/Program Files/Microchip/xc32/v5.10/bin/bin/../../lib/gcc/pic32c/13.2.1/../../../../pic32c/lib/thumb/v6-m/nofp\libg-musl.a(libc.o)
 .comment       0x00000035       0x36 c:/Program Files/Microchip/xc32/v5.10/bin/bin/../../lib/gcc/pic32c/13.2.1/../../../../pic32c/lib/thumb/v6-m/nofp\libg-musl.a(__environ.o)
 .comment       0x00000035       0x36 c:/Program Files/Microchip/xc32/v5.10/bin/bin/../../lib/gcc/pic32c/13.2.1/../../../../pic32c/lib/thumb/v6-m/nofp\libpic32c.a(pic32_data_init_clear.o)
 .comment       0x00000035       0x36 c:/Program Files/Microchip/xc32/v5.10/bin/bin/../../lib/gcc/pic32c/13.2.1/../../../../pic32c/lib/thumb/v6-m/nofp\libpic32c.a(pic32_data_init_copy.o)

.debug_info     0x00000000     0x22b9
 .debug_info    0x00000000       0xb3 CMakeFiles/PL10_default_default_XC32_compile.dir/C_/Users/c74305/Desktop/MAICA/SF/config.mcc/src/config/default/exceptions.c.o
 .debug_info    0x000000b3      0x104 CMakeFiles/PL10_default_default_XC32_compile.dir/C_/Users/c74305/Desktop/MAICA/SF/config.mcc/src/config/default/initialization.c.o
 .debug_info    0x000001b7      0x2fd CMakeFiles/PL10_default_default_XC32_compile.dir/C_/Users/c74305/Desktop/MAICA/SF/config.mcc/src/config/default/interrupts.c.o
 .debug_info    0x000004b4      0x3ad CMakeFiles/PL10_default_default_XC32_compile.dir/C_/Users/c74305/Desktop/MAICA/SF/config.mcc/src/config/default/peripheral/clock/plib_clock.c.o
 .debug_info    0x00000861       0x9b CMakeFiles/PL10_default_default_XC32_compile.dir/C_/Users/c74305/Desktop/MAICA/SF/config.mcc/src/config/default/peripheral/evsys/plib_evsys.c.o
 .debug_info    0x000008fc      0x5eb CMakeFiles/PL10_default_default_XC32_compile.dir/C_/Users/c74305/Desktop/MAICA/SF/config.mcc/src/config/default/peripheral/nvic/plib_nvic.c.o
 .debug_info    0x00000ee7      0x6ae CMakeFiles/PL10_default_default_XC32_compile.dir/C_/Users/c74305/Desktop/MAICA/SF/config.mcc/src/config/default/peripheral/port/plib_port.c.o
 .debug_info    0x00001595      0x200 CMakeFiles/PL10_default_default_XC32_compile.dir/C_/Users/c74305/Desktop/MAICA/SF/config.mcc/src/config/default/startup_xc32.c.o
 .debug_info    0x00001795       0xc7 CMakeFiles/PL10_default_default_XC32_compile.dir/C_/Users/c74305/Desktop/MAICA/SF/config.mcc/src/main.c.o
 .debug_info    0x0000185c      0x212 c:/Program Files/Microchip/xc32/v5.10/bin/bin/../../lib/gcc/pic32c/13.2.1/../../../../pic32c/lib/thumb/v6-m/nofp\libpic32c.a(data_init.o)
 .debug_info    0x00001a6e      0x2fb c:/Program Files/Microchip/xc32/v5.10/bin/bin/../../lib/gcc/pic32c/13.2.1/../../../../pic32c/lib/thumb/v6-m/nofp\libg-musl.a(__libc_start_main.o)
 .debug_info    0x00001d69      0x276 c:/Program Files/Microchip/xc32/v5.10/bin/bin/../../lib/gcc/pic32c/13.2.1/../../../../pic32c/lib/thumb/v6-m/nofp\libg-musl.a(libc.o)
 .debug_info    0x00001fdf       0x97 c:/Program Files/Microchip/xc32/v5.10/bin/bin/../../lib/gcc/pic32c/13.2.1/../../../../pic32c/lib/thumb/v6-m/nofp\libg-musl.a(__environ.o)
 .debug_info    0x00002076      0x117 c:/Program Files/Microchip/xc32/v5.10/bin/bin/../../lib/gcc/pic32c/13.2.1/../../../../pic32c/lib/thumb/v6-m/nofp\libpic32c.a(pic32_data_init_clear.o)
 .debug_info    0x0000218d      0x12c c:/Program Files/Microchip/xc32/v5.10/bin/bin/../../lib/gcc/pic32c/13.2.1/../../../../pic32c/lib/thumb/v6-m/nofp\libpic32c.a(pic32_data_init_copy.o)

.debug_abbrev   0x00000000      0xdc8
 .debug_abbrev  0x00000000       0x49 CMakeFiles/PL10_default_default_XC32_compile.dir/C_/Users/c74305/Desktop/MAICA/SF/config.mcc/src/config/default/exceptions.c.o
 .debug_abbrev  0x00000049       0x92 CMakeFiles/PL10_default_default_XC32_compile.dir/C_/Users/c74305/Desktop/MAICA/SF/config.mcc/src/config/default/initialization.c.o
 .debug_abbrev  0x000000db       0xd3 CMakeFiles/PL10_default_default_XC32_compile.dir/C_/Users/c74305/Desktop/MAICA/SF/config.mcc/src/config/default/interrupts.c.o
 .debug_abbrev  0x000001ae       0xcd CMakeFiles/PL10_default_default_XC32_compile.dir/C_/Users/c74305/Desktop/MAICA/SF/config.mcc/src/config/default/peripheral/clock/plib_clock.c.o
 .debug_abbrev  0x0000027b       0x46 CMakeFiles/PL10_default_default_XC32_compile.dir/C_/Users/c74305/Desktop/MAICA/SF/config.mcc/src/config/default/peripheral/evsys/plib_evsys.c.o
 .debug_abbrev  0x000002c1      0x236 CMakeFiles/PL10_default_default_XC32_compile.dir/C_/Users/c74305/Desktop/MAICA/SF/config.mcc/src/config/default/peripheral/nvic/plib_nvic.c.o
 .debug_abbrev  0x000004f7      0x206 CMakeFiles/PL10_default_default_XC32_compile.dir/C_/Users/c74305/Desktop/MAICA/SF/config.mcc/src/config/default/peripheral/port/plib_port.c.o
 .debug_abbrev  0x000006fd      0x12c CMakeFiles/PL10_default_default_XC32_compile.dir/C_/Users/c74305/Desktop/MAICA/SF/config.mcc/src/config/default/startup_xc32.c.o
 .debug_abbrev  0x00000829       0x82 CMakeFiles/PL10_default_default_XC32_compile.dir/C_/Users/c74305/Desktop/MAICA/SF/config.mcc/src/main.c.o
 .debug_abbrev  0x000008ab      0x156 c:/Program Files/Microchip/xc32/v5.10/bin/bin/../../lib/gcc/pic32c/13.2.1/../../../../pic32c/lib/thumb/v6-m/nofp\libpic32c.a(data_init.o)
 .debug_abbrev  0x00000a01      0x133 c:/Program Files/Microchip/xc32/v5.10/bin/bin/../../lib/gcc/pic32c/13.2.1/../../../../pic32c/lib/thumb/v6-m/nofp\libg-musl.a(__libc_start_main.o)
 .debug_abbrev  0x00000b34       0xd4 c:/Program Files/Microchip/xc32/v5.10/bin/bin/../../lib/gcc/pic32c/13.2.1/../../../../pic32c/lib/thumb/v6-m/nofp\libg-musl.a(libc.o)
 .debug_abbrev  0x00000c08       0x62 c:/Program Files/Microchip/xc32/v5.10/bin/bin/../../lib/gcc/pic32c/13.2.1/../../../../pic32c/lib/thumb/v6-m/nofp\libg-musl.a(__environ.o)
 .debug_abbrev  0x00000c6a       0xa5 c:/Program Files/Microchip/xc32/v5.10/bin/bin/../../lib/gcc/pic32c/13.2.1/../../../../pic32c/lib/thumb/v6-m/nofp\libpic32c.a(pic32_data_init_clear.o)
 .debug_abbrev  0x00000d0f       0xb9 c:/Program Files/Microchip/xc32/v5.10/bin/bin/../../lib/gcc/pic32c/13.2.1/../../../../pic32c/lib/thumb/v6-m/nofp\libpic32c.a(pic32_data_init_copy.o)

.debug_aranges  0x00000000      0x270
 .debug_aranges
                0x00000000       0x28 CMakeFiles/PL10_default_default_XC32_compile.dir/C_/Users/c74305/Desktop/MAICA/SF/config.mcc/src/config/default/exceptions.c.o
 .debug_aranges
                0x00000028       0x20 CMakeFiles/PL10_default_default_XC32_compile.dir/C_/Users/c74305/Desktop/MAICA/SF/config.mcc/src/config/default/initialization.c.o
 .debug_aranges
                0x00000048       0x20 CMakeFiles/PL10_default_default_XC32_compile.dir/C_/Users/c74305/Desktop/MAICA/SF/config.mcc/src/config/default/interrupts.c.o
 .debug_aranges
                0x00000068       0x20 CMakeFiles/PL10_default_default_XC32_compile.dir/C_/Users/c74305/Desktop/MAICA/SF/config.mcc/src/config/default/peripheral/clock/plib_clock.c.o
 .debug_aranges
                0x00000088       0x20 CMakeFiles/PL10_default_default_XC32_compile.dir/C_/Users/c74305/Desktop/MAICA/SF/config.mcc/src/config/default/peripheral/evsys/plib_evsys.c.o
 .debug_aranges
                0x000000a8       0x48 CMakeFiles/PL10_default_default_XC32_compile.dir/C_/Users/c74305/Desktop/MAICA/SF/config.mcc/src/config/default/peripheral/nvic/plib_nvic.c.o
 .debug_aranges
                0x000000f0       0x70 CMakeFiles/PL10_default_default_XC32_compile.dir/C_/Users/c74305/Desktop/MAICA/SF/config.mcc/src/config/default/peripheral/port/plib_port.c.o
 .debug_aranges
                0x00000160       0x28 CMakeFiles/PL10_default_default_XC32_compile.dir/C_/Users/c74305/Desktop/MAICA/SF/config.mcc/src/config/default/startup_xc32.c.o
 .debug_aranges
                0x00000188       0x20 CMakeFiles/PL10_default_default_XC32_compile.dir/C_/Users/c74305/Desktop/MAICA/SF/config.mcc/src/main.c.o
 .debug_aranges
                0x000001a8       0x30 c:/Program Files/Microchip/xc32/v5.10/bin/bin/../../lib/gcc/pic32c/13.2.1/../../../../pic32c/lib/thumb/v6-m/nofp\libpic32c.a(data_init.o)
 .debug_aranges
                0x000001d8       0x28 c:/Program Files/Microchip/xc32/v5.10/bin/bin/../../lib/gcc/pic32c/13.2.1/../../../../pic32c/lib/thumb/v6-m/nofp\libg-musl.a(__libc_start_main.o)
 .debug_aranges
                0x00000200       0x18 c:/Program Files/Microchip/xc32/v5.10/bin/bin/../../lib/gcc/pic32c/13.2.1/../../../../pic32c/lib/thumb/v6-m/nofp\libg-musl.a(libc.o)
 .debug_aranges
                0x00000218       0x18 c:/Program Files/Microchip/xc32/v5.10/bin/bin/../../lib/gcc/pic32c/13.2.1/../../../../pic32c/lib/thumb/v6-m/nofp\libg-musl.a(__environ.o)
 .debug_aranges
                0x00000230       0x20 c:/Program Files/Microchip/xc32/v5.10/bin/bin/../../lib/gcc/pic32c/13.2.1/../../../../pic32c/lib/thumb/v6-m/nofp\libpic32c.a(pic32_data_init_clear.o)
 .debug_aranges
                0x00000250       0x20 c:/Program Files/Microchip/xc32/v5.10/bin/bin/../../lib/gcc/pic32c/13.2.1/../../../../pic32c/lib/thumb/v6-m/nofp\libpic32c.a(pic32_data_init_copy.o)

.debug_ranges   0x00000000      0x1a0
 .debug_ranges  0x00000000       0x18 CMakeFiles/PL10_default_default_XC32_compile.dir/C_/Users/c74305/Desktop/MAICA/SF/config.mcc/src/config/default/exceptions.c.o
 .debug_ranges  0x00000018       0x10 CMakeFiles/PL10_default_default_XC32_compile.dir/C_/Users/c74305/Desktop/MAICA/SF/config.mcc/src/config/default/initialization.c.o
 .debug_ranges  0x00000028       0x10 CMakeFiles/PL10_default_default_XC32_compile.dir/C_/Users/c74305/Desktop/MAICA/SF/config.mcc/src/config/default/interrupts.c.o
 .debug_ranges  0x00000038       0x10 CMakeFiles/PL10_default_default_XC32_compile.dir/C_/Users/c74305/Desktop/MAICA/SF/config.mcc/src/config/default/peripheral/clock/plib_clock.c.o
 .debug_ranges  0x00000048       0x10 CMakeFiles/PL10_default_default_XC32_compile.dir/C_/Users/c74305/Desktop/MAICA/SF/config.mcc/src/config/default/peripheral/evsys/plib_evsys.c.o
 .debug_ranges  0x00000058       0x50 CMakeFiles/PL10_default_default_XC32_compile.dir/C_/Users/c74305/Desktop/MAICA/SF/config.mcc/src/config/default/peripheral/nvic/plib_nvic.c.o
 .debug_ranges  0x000000a8       0x60 CMakeFiles/PL10_default_default_XC32_compile.dir/C_/Users/c74305/Desktop/MAICA/SF/config.mcc/src/config/default/peripheral/port/plib_port.c.o
 .debug_ranges  0x00000108       0x18 CMakeFiles/PL10_default_default_XC32_compile.dir/C_/Users/c74305/Desktop/MAICA/SF/config.mcc/src/config/default/startup_xc32.c.o
 .debug_ranges  0x00000120       0x10 CMakeFiles/PL10_default_default_XC32_compile.dir/C_/Users/c74305/Desktop/MAICA/SF/config.mcc/src/main.c.o
 .debug_ranges  0x00000130       0x20 c:/Program Files/Microchip/xc32/v5.10/bin/bin/../../lib/gcc/pic32c/13.2.1/../../../../pic32c/lib/thumb/v6-m/nofp\libpic32c.a(data_init.o)
 .debug_ranges  0x00000150       0x30 c:/Program Files/Microchip/xc32/v5.10/bin/bin/../../lib/gcc/pic32c/13.2.1/../../../../pic32c/lib/thumb/v6-m/nofp\libg-musl.a(__libc_start_main.o)
 .debug_ranges  0x00000180       0x10 c:/Program Files/Microchip/xc32/v5.10/bin/bin/../../lib/gcc/pic32c/13.2.1/../../../../pic32c/lib/thumb/v6-m/nofp\libpic32c.a(pic32_data_init_clear.o)
 .debug_ranges  0x00000190       0x10 c:/Program Files/Microchip/xc32/v5.10/bin/bin/../../lib/gcc/pic32c/13.2.1/../../../../pic32c/lib/thumb/v6-m/nofp\libpic32c.a(pic32_data_init_copy.o)

.debug_line     0x00000000     0x16d3
 .debug_line    0x00000000       0x9e CMakeFiles/PL10_default_default_XC32_compile.dir/C_/Users/c74305/Desktop/MAICA/SF/config.mcc/src/config/default/exceptions.c.o
 .debug_line    0x0000009e      0x20b CMakeFiles/PL10_default_default_XC32_compile.dir/C_/Users/c74305/Desktop/MAICA/SF/config.mcc/src/config/default/initialization.c.o
 .debug_line    0x000002a9       0xf6 CMakeFiles/PL10_default_default_XC32_compile.dir/C_/Users/c74305/Desktop/MAICA/SF/config.mcc/src/config/default/interrupts.c.o
 .debug_line    0x0000039f      0x1f4 CMakeFiles/PL10_default_default_XC32_compile.dir/C_/Users/c74305/Desktop/MAICA/SF/config.mcc/src/config/default/peripheral/clock/plib_clock.c.o
 .debug_line    0x00000593       0x8f CMakeFiles/PL10_default_default_XC32_compile.dir/C_/Users/c74305/Desktop/MAICA/SF/config.mcc/src/config/default/peripheral/evsys/plib_evsys.c.o
 .debug_line    0x00000622      0x3dc CMakeFiles/PL10_default_default_XC32_compile.dir/C_/Users/c74305/Desktop/MAICA/SF/config.mcc/src/config/default/peripheral/nvic/plib_nvic.c.o
 .debug_line    0x000009fe      0x330 CMakeFiles/PL10_default_default_XC32_compile.dir/C_/Users/c74305/Desktop/MAICA/SF/config.mcc/src/config/default/peripheral/port/plib_port.c.o
 .debug_line    0x00000d2e      0x1af CMakeFiles/PL10_default_default_XC32_compile.dir/C_/Users/c74305/Desktop/MAICA/SF/config.mcc/src/config/default/startup_xc32.c.o
 .debug_line    0x00000edd       0xc2 CMakeFiles/PL10_default_default_XC32_compile.dir/C_/Users/c74305/Desktop/MAICA/SF/config.mcc/src/main.c.o
 .debug_line    0x00000f9f      0x165 c:/Program Files/Microchip/xc32/v5.10/bin/bin/../../lib/gcc/pic32c/13.2.1/../../../../pic32c/lib/thumb/v6-m/nofp\libpic32c.a(data_init.o)
 .debug_line    0x00001104      0x1cb c:/Program Files/Microchip/xc32/v5.10/bin/bin/../../lib/gcc/pic32c/13.2.1/../../../../pic32c/lib/thumb/v6-m/nofp\libg-musl.a(__libc_start_main.o)
 .debug_line    0x000012cf       0xb5 c:/Program Files/Microchip/xc32/v5.10/bin/bin/../../lib/gcc/pic32c/13.2.1/../../../../pic32c/lib/thumb/v6-m/nofp\libg-musl.a(libc.o)
 .debug_line    0x00001384       0xfb c:/Program Files/Microchip/xc32/v5.10/bin/bin/../../lib/gcc/pic32c/13.2.1/../../../../pic32c/lib/thumb/v6-m/nofp\libg-musl.a(__environ.o)
 .debug_line    0x0000147f      0x11e c:/Program Files/Microchip/xc32/v5.10/bin/bin/../../lib/gcc/pic32c/13.2.1/../../../../pic32c/lib/thumb/v6-m/nofp\libpic32c.a(pic32_data_init_clear.o)
 .debug_line    0x0000159d      0x136 c:/Program Files/Microchip/xc32/v5.10/bin/bin/../../lib/gcc/pic32c/13.2.1/../../../../pic32c/lib/thumb/v6-m/nofp\libpic32c.a(pic32_data_init_copy.o)

.debug_str      0x00000000     0x190c
 .debug_str     0x00000000     0x190c CMakeFiles/PL10_default_default_XC32_compile.dir/C_/Users/c74305/Desktop/MAICA/SF/config.mcc/src/config/default/exceptions.c.o
                                0x2e9 (size before relaxing)
 .debug_str     0x0000190c      0x31a CMakeFiles/PL10_default_default_XC32_compile.dir/C_/Users/c74305/Desktop/MAICA/SF/config.mcc/src/config/default/initialization.c.o
 .debug_str     0x0000190c      0x54a CMakeFiles/PL10_default_default_XC32_compile.dir/C_/Users/c74305/Desktop/MAICA/SF/config.mcc/src/config/default/interrupts.c.o
 .debug_str     0x0000190c      0x510 CMakeFiles/PL10_default_default_XC32_compile.dir/C_/Users/c74305/Desktop/MAICA/SF/config.mcc/src/config/default/peripheral/clock/plib_clock.c.o
 .debug_str     0x0000190c      0x2e2 CMakeFiles/PL10_default_default_XC32_compile.dir/C_/Users/c74305/Desktop/MAICA/SF/config.mcc/src/config/default/peripheral/evsys/plib_evsys.c.o
 .debug_str     0x0000190c      0x58a CMakeFiles/PL10_default_default_XC32_compile.dir/C_/Users/c74305/Desktop/MAICA/SF/config.mcc/src/config/default/peripheral/nvic/plib_nvic.c.o
 .debug_str     0x0000190c      0x81e CMakeFiles/PL10_default_default_XC32_compile.dir/C_/Users/c74305/Desktop/MAICA/SF/config.mcc/src/config/default/peripheral/port/plib_port.c.o
 .debug_str     0x0000190c      0x35b CMakeFiles/PL10_default_default_XC32_compile.dir/C_/Users/c74305/Desktop/MAICA/SF/config.mcc/src/config/default/startup_xc32.c.o
 .debug_str     0x0000190c      0x2bf CMakeFiles/PL10_default_default_XC32_compile.dir/C_/Users/c74305/Desktop/MAICA/SF/config.mcc/src/main.c.o
 .debug_str     0x0000190c      0x2ef c:/Program Files/Microchip/xc32/v5.10/bin/bin/../../lib/gcc/pic32c/13.2.1/../../../../pic32c/lib/thumb/v6-m/nofp\libpic32c.a(data_init.o)
 .debug_str     0x0000190c      0x3dd c:/Program Files/Microchip/xc32/v5.10/bin/bin/../../lib/gcc/pic32c/13.2.1/../../../../pic32c/lib/thumb/v6-m/nofp\libg-musl.a(__libc_start_main.o)
 .debug_str     0x0000190c      0x348 c:/Program Files/Microchip/xc32/v5.10/bin/bin/../../lib/gcc/pic32c/13.2.1/../../../../pic32c/lib/thumb/v6-m/nofp\libg-musl.a(libc.o)
 .debug_str     0x0000190c      0x248 c:/Program Files/Microchip/xc32/v5.10/bin/bin/../../lib/gcc/pic32c/13.2.1/../../../../pic32c/lib/thumb/v6-m/nofp\libg-musl.a(__environ.o)
 .debug_str     0x0000190c      0x280 c:/Program Files/Microchip/xc32/v5.10/bin/bin/../../lib/gcc/pic32c/13.2.1/../../../../pic32c/lib/thumb/v6-m/nofp\libpic32c.a(pic32_data_init_clear.o)
 .debug_str     0x0000190c      0x287 c:/Program Files/Microchip/xc32/v5.10/bin/bin/../../lib/gcc/pic32c/13.2.1/../../../../pic32c/lib/thumb/v6-m/nofp\libpic32c.a(pic32_data_init_copy.o)

.debug_frame    0x00000000      0x334
 .debug_frame   0x00000000       0x30 CMakeFiles/PL10_default_default_XC32_compile.dir/C_/Users/c74305/Desktop/MAICA/SF/config.mcc/src/config/default/exceptions.c.o
 .debug_frame   0x00000030       0x28 CMakeFiles/PL10_default_default_XC32_compile.dir/C_/Users/c74305/Desktop/MAICA/SF/config.mcc/src/config/default/initialization.c.o
 .debug_frame   0x00000058       0x20 CMakeFiles/PL10_default_default_XC32_compile.dir/C_/Users/c74305/Desktop/MAICA/SF/config.mcc/src/config/default/interrupts.c.o
 .debug_frame   0x00000078       0x20 CMakeFiles/PL10_default_default_XC32_compile.dir/C_/Users/c74305/Desktop/MAICA/SF/config.mcc/src/config/default/peripheral/clock/plib_clock.c.o
 .debug_frame   0x00000098       0x20 CMakeFiles/PL10_default_default_XC32_compile.dir/C_/Users/c74305/Desktop/MAICA/SF/config.mcc/src/config/default/peripheral/evsys/plib_evsys.c.o
 .debug_frame   0x000000b8       0x7c CMakeFiles/PL10_default_default_XC32_compile.dir/C_/Users/c74305/Desktop/MAICA/SF/config.mcc/src/config/default/peripheral/nvic/plib_nvic.c.o
 .debug_frame   0x00000134       0xd8 CMakeFiles/PL10_default_default_XC32_compile.dir/C_/Users/c74305/Desktop/MAICA/SF/config.mcc/src/config/default/peripheral/port/plib_port.c.o
 .debug_frame   0x0000020c       0x38 CMakeFiles/PL10_default_default_XC32_compile.dir/C_/Users/c74305/Desktop/MAICA/SF/config.mcc/src/config/default/startup_xc32.c.o
 .debug_frame   0x00000244       0x28 CMakeFiles/PL10_default_default_XC32_compile.dir/C_/Users/c74305/Desktop/MAICA/SF/config.mcc/src/main.c.o
 .debug_frame   0x0000026c       0x48 c:/Program Files/Microchip/xc32/v5.10/bin/bin/../../lib/gcc/pic32c/13.2.1/../../../../pic32c/lib/thumb/v6-m/nofp\libpic32c.a(data_init.o)
 .debug_frame   0x000002b4       0x38 c:/Program Files/Microchip/xc32/v5.10/bin/bin/../../lib/gcc/pic32c/13.2.1/../../../../pic32c/lib/thumb/v6-m/nofp\libg-musl.a(__libc_start_main.o)
 .debug_frame   0x000002ec       0x20 c:/Program Files/Microchip/xc32/v5.10/bin/bin/../../lib/gcc/pic32c/13.2.1/../../../../pic32c/lib/thumb/v6-m/nofp\libpic32c.a(pic32_data_init_clear.o)
 .debug_frame   0x0000030c       0x28 c:/Program Files/Microchip/xc32/v5.10/bin/bin/../../lib/gcc/pic32c/13.2.1/../../../../pic32c/lib/thumb/v6-m/nofp\libpic32c.a(pic32_data_init_copy.o)

.debug_loc      0x00000000      0x831
 .debug_loc     0x00000000       0x4b CMakeFiles/PL10_default_default_XC32_compile.dir/C_/Users/c74305/Desktop/MAICA/SF/config.mcc/src/config/default/initialization.c.o
 .debug_loc     0x0000004b       0xef CMakeFiles/PL10_default_default_XC32_compile.dir/C_/Users/c74305/Desktop/MAICA/SF/config.mcc/src/config/default/peripheral/nvic/plib_nvic.c.o
 .debug_loc     0x0000013a      0x2b8 CMakeFiles/PL10_default_default_XC32_compile.dir/C_/Users/c74305/Desktop/MAICA/SF/config.mcc/src/config/default/peripheral/port/plib_port.c.o
 .debug_loc     0x000003f2       0x20 CMakeFiles/PL10_default_default_XC32_compile.dir/C_/Users/c74305/Desktop/MAICA/SF/config.mcc/src/config/default/startup_xc32.c.o
 .debug_loc     0x00000412       0x20 CMakeFiles/PL10_default_default_XC32_compile.dir/C_/Users/c74305/Desktop/MAICA/SF/config.mcc/src/main.c.o
 .debug_loc     0x00000432      0x113 c:/Program Files/Microchip/xc32/v5.10/bin/bin/../../lib/gcc/pic32c/13.2.1/../../../../pic32c/lib/thumb/v6-m/nofp\libpic32c.a(data_init.o)
 .debug_loc     0x00000545       0x5e c:/Program Files/Microchip/xc32/v5.10/bin/bin/../../lib/gcc/pic32c/13.2.1/../../../../pic32c/lib/thumb/v6-m/nofp\libg-musl.a(__libc_start_main.o)
 .debug_loc     0x000005a3       0xf7 c:/Program Files/Microchip/xc32/v5.10/bin/bin/../../lib/gcc/pic32c/13.2.1/../../../../pic32c/lib/thumb/v6-m/nofp\libpic32c.a(pic32_data_init_clear.o)
 .debug_loc     0x0000069a      0x197 c:/Program Files/Microchip/xc32/v5.10/bin/bin/../../lib/gcc/pic32c/13.2.1/../../../../pic32c/lib/thumb/v6-m/nofp\libpic32c.a(pic32_data_init_copy.o)

.note.GNU-stack
                0x00000000        0x0
 .note.GNU-stack
                0x00000000        0x0 c:/Program Files/Microchip/xc32/v5.10/bin/bin/../../lib/gcc/pic32c/13.2.1/../../../../pic32c/lib/thumb/v6-m/nofp\libg-musl.a(__libc_start_main.o)
 .note.GNU-stack
                0x00000000        0x0 c:/Program Files/Microchip/xc32/v5.10/bin/bin/../../lib/gcc/pic32c/13.2.1/../../../../pic32c/lib/thumb/v6-m/nofp\libg-musl.a(libc.o)
 .note.GNU-stack
                0x00000000        0x0 c:/Program Files/Microchip/xc32/v5.10/bin/bin/../../lib/gcc/pic32c/13.2.1/../../../../pic32c/lib/thumb/v6-m/nofp\libg-musl.a(__environ.o)

.vfp11_veneer%z1

.v4_bx%z2

.iplt%z3

.rel.iplt%z4

.igot.plt%z5

.bss%1          0x20000000       0x50
 .bss           0x20000000       0x50 c:/Program Files/Microchip/xc32/v5.10/bin/bin/../../lib/gcc/pic32c/13.2.1/../../../../pic32c/lib/thumb/v6-m/nofp\libg-musl.a(libc.o)
                0x20000000                __progname_full
                0x20000000                program_invocation_name
                0x20000004                program_invocation_short_name
                0x20000004                __progname
                0x20000008                __sysinfo
                0x2000000c                __hwcap
                0x20000010                __libc

.bss%2          0x20000050       0x1c
 .bss           0x20000050       0x1c c:/Program Files/Microchip/xc32/v5.10/bin/bin/../../lib/gcc/pic32c/13.2.1/thumb/v6-m/nofp/crtbegin.o

.bss%3          0x2000006c        0x4
 .bss           0x2000006c        0x4 c:/Program Files/Microchip/xc32/v5.10/bin/bin/../../lib/gcc/pic32c/13.2.1/../../../../pic32c/lib/thumb/v6-m/nofp\libpic32c.a(data_init.o)

.bss%4          0x20000070        0x4
 .bss           0x20000070        0x4 c:/Program Files/Microchip/xc32/v5.10/bin/bin/../../lib/gcc/pic32c/13.2.1/../../../../pic32c/lib/thumb/v6-m/nofp\libg-musl.a(__environ.o)
                0x20000070                __environ
                0x20000070                environ
                0x20000070                ___environ
                0x20000070                _environ

.eh_frame%z6    0x00000000        0x0
 .eh_frame      0x00000000        0x0 c:/Program Files/Microchip/xc32/v5.10/bin/bin/../../lib/gcc/pic32c/13.2.1/thumb/v6-m/nofp/crtbegin.o

.config_0D000400%5
                0x0d000400        0x4
 .config_0D000400
                0x0d000400        0x4 CMakeFiles/PL10_default_default_XC32_compile.dir/C_/Users/c74305/Desktop/MAICA/SF/config.mcc/src/config/default/initialization.c.o
                0x0d000400                __config_0D000400

.config_0D000408%6
                0x0d000408        0x4
 .config_0D000408
                0x0d000408        0x4 CMakeFiles/PL10_default_default_XC32_compile.dir/C_/Users/c74305/Desktop/MAICA/SF/config.mcc/src/config/default/initialization.c.o
                0x0d000408                __config_0D000408

.config_0D000410%7
                0x0d000410        0x4
 .config_0D000410
                0x0d000410        0x4 CMakeFiles/PL10_default_default_XC32_compile.dir/C_/Users/c74305/Desktop/MAICA/SF/config.mcc/src/config/default/initialization.c.o
                0x0d000410                __config_0D000410

.config_0D000418%8
                0x0d000418        0x4
 .config_0D000418
                0x0d000418        0x4 CMakeFiles/PL10_default_default_XC32_compile.dir/C_/Users/c74305/Desktop/MAICA/SF/config.mcc/src/config/default/initialization.c.o
                0x0d000418                __config_0D000418

.config_0D000420%9
                0x0d000420        0x4
 .config_0D000420
                0x0d000420        0x4 CMakeFiles/PL10_default_default_XC32_compile.dir/C_/Users/c74305/Desktop/MAICA/SF/config.mcc/src/config/default/initialization.c.o
                0x0d000420                __config_0D000420

.config_0D000428%10
                0x0d000428        0x4
 .config_0D000428
                0x0d000428        0x4 CMakeFiles/PL10_default_default_XC32_compile.dir/C_/Users/c74305/Desktop/MAICA/SF/config.mcc/src/config/default/initialization.c.o
                0x0d000428                __config_0D000428

.text.__libc_start_init%11
                0x0c00009c       0x5c
 .text.__libc_start_init
                0x0c00009c       0x5c c:/Program Files/Microchip/xc32/v5.10/bin/bin/../../lib/gcc/pic32c/13.2.1/../../../../pic32c/lib/thumb/v6-m/nofp\libg-musl.a(__libc_start_main.o)
                0x0c00009c                __libc_init_array

.text%12        0x0c0000f8       0x48
 .text          0x0c0000f8       0x48 c:/Program Files/Microchip/xc32/v5.10/bin/bin/../../lib/gcc/pic32c/13.2.1/thumb/v6-m/nofp/crtbegin.o

.text.Reset_Handler%13
                0x0c000140       0x48
 .text.Reset_Handler
                0x0c000140       0x48 CMakeFiles/PL10_default_default_XC32_compile.dir/C_/Users/c74305/Desktop/MAICA/SF/config.mcc/src/config/default/startup_xc32.c.o
                0x0c000140                Reset_Handler

.text.CLOCK_Initialize%14
                0x0c000188       0x40
 .text.CLOCK_Initialize
                0x0c000188       0x40 CMakeFiles/PL10_default_default_XC32_compile.dir/C_/Users/c74305/Desktop/MAICA/SF/config.mcc/src/config/default/peripheral/clock/plib_clock.c.o
                0x0c000188                CLOCK_Initialize

.text.__pic32c_data_initialization%15
                0x0c0001c8       0x38
 .text.__pic32c_data_initialization
                0x0c0001c8       0x38 c:/Program Files/Microchip/xc32/v5.10/bin/bin/../../lib/gcc/pic32c/13.2.1/../../../../pic32c/lib/thumb/v6-m/nofp\libpic32c.a(data_init.o)
                0x0c0001c8                __pic32c_data_initialization
                0x0c0001c8                __pic32_data_init

.dinit%16       0x0c000200       0x30
 .dinit         0x0c000200       0x30 data_init

.text.__dinit_copy%17
                0x0c000230       0x1e
 .text.__dinit_copy
                0x0c000230       0x1e c:/Program Files/Microchip/xc32/v5.10/bin/bin/../../lib/gcc/pic32c/13.2.1/../../../../pic32c/lib/thumb/v6-m/nofp\libpic32c.a(pic32_data_init_copy.o)
                0x0c000230                __dinit_copy_needed
                0x0c000230                __dinit_copy

.text.PORT_Initialize%18
                0x0c00024e       0x1c
 .text.PORT_Initialize
                0x0c00024e       0x1c CMakeFiles/PL10_default_default_XC32_compile.dir/C_/Users/c74305/Desktop/MAICA/SF/config.mcc/src/config/default/peripheral/port/plib_port.c.o
                0x0c00024e                PORT_Initialize

.text.SYS_Initialize%19
                0x0c00026a       0x14
 .text.SYS_Initialize
                0x0c00026a       0x14 CMakeFiles/PL10_default_default_XC32_compile.dir/C_/Users/c74305/Desktop/MAICA/SF/config.mcc/src/config/default/initialization.c.o
                0x0c00026a                SYS_Initialize

.rodata%20      0x0c000280       0x14
 .rodata        0x0c000280       0x14 c:/Program Files/Microchip/xc32/v5.10/bin/bin/../../lib/gcc/pic32c/13.2.1/../../../../pic32c/lib/thumb/v6-m/nofp\libpic32c.a(data_init.o)

.text.__dinit_clear%21
                0x0c000294       0x12
 .text.__dinit_clear
                0x0c000294       0x12 c:/Program Files/Microchip/xc32/v5.10/bin/bin/../../lib/gcc/pic32c/13.2.1/../../../../pic32c/lib/thumb/v6-m/nofp\libpic32c.a(pic32_data_init_clear.o)
                0x0c000294                __dinit_clear
                0x0c000294                __dinit_clear_needed

.text.main%22   0x0c0002a6        0xa
 .text.main     0x0c0002a6        0xa CMakeFiles/PL10_default_default_XC32_compile.dir/C_/Users/c74305/Desktop/MAICA/SF/config.mcc/src/main.c.o
                0x0c0002a6                main

.text.NVIC_Initialize%23
                0x0c0002b0        0x8
 .text.NVIC_Initialize
                0x0c0002b0        0x8 CMakeFiles/PL10_default_default_XC32_compile.dir/C_/Users/c74305/Desktop/MAICA/SF/config.mcc/src/config/default/peripheral/nvic/plib_nvic.c.o
                0x0c0002b0                NVIC_Initialize

.text.__dummy_decompress%24
                0x0c0002b8        0x4
 .text.__dummy_decompress
                0x0c0002b8        0x4 c:/Program Files/Microchip/xc32/v5.10/bin/bin/../../lib/gcc/pic32c/13.2.1/../../../../pic32c/lib/thumb/v6-m/nofp\libpic32c.a(data_init.o)
                0x0c0002b8                __dinit_decompress
                0x0c0002b8                __dinit_copy_val_data
                0x0c0002b8                __dinit_copy_emb

.text.NonMaskableInt_Handler%25
                0x0c00027e        0x2
 .text.NonMaskableInt_Handler
                0x0c00027e        0x2 CMakeFiles/PL10_default_default_XC32_compile.dir/C_/Users/c74305/Desktop/MAICA/SF/config.mcc/src/config/default/exceptions.c.o
                0x0c00027e                NonMaskableInt_Handler

.text.HardFault_Handler%26
                0x0c0002bc        0x2
 .text.HardFault_Handler
                0x0c0002bc        0x2 CMakeFiles/PL10_default_default_XC32_compile.dir/C_/Users/c74305/Desktop/MAICA/SF/config.mcc/src/config/default/exceptions.c.o
                0x0c0002bc                HardFault_Handler

.text.Dummy_Handler%27
                0x0c0002be        0x2
 .text.Dummy_Handler
                0x0c0002be        0x2 CMakeFiles/PL10_default_default_XC32_compile.dir/C_/Users/c74305/Desktop/MAICA/SF/config.mcc/src/config/default/interrupts.c.o
                0x0c0002be                SVCall_Handler
                0x0c0002be                DMAC_Handler
                0x0c0002be                TC2_Handler
                0x0c0002be                AC_Handler
                0x0c0002be                SysTick_Handler
                0x0c0002be                PendSV_Handler
                0x0c0002be                SERCOM1_Handler
                0x0c0002be                TCC0_Handler
                0x0c0002be                RTC_Handler
                0x0c0002be                EIC_Handler
                0x0c0002be                WDT_Handler
                0x0c0002be                TC1_Handler
                0x0c0002be                Dummy_Handler
                0x0c0002be                ADC0_Handler
                0x0c0002be                EVSYS_Handler
                0x0c0002be                NVMCTRL_Handler
                0x0c0002be                SYSTEM_Handler
                0x0c0002be                SERCOM0_Handler
                0x0c0002be                TC0_Handler

.text.EVSYS_Initialize%28
                0x0c0002c0        0x2
 .text.EVSYS_Initialize
                0x0c0002c0        0x2 CMakeFiles/PL10_default_default_XC32_compile.dir/C_/Users/c74305/Desktop/MAICA/SF/config.mcc/src/config/default/peripheral/evsys/plib_evsys.c.o
                0x0c0002c0                EVSYS_Initialize

.text.Dummy_App_Func%29
                0x0c0002c2        0x2
 .text.Dummy_App_Func
                0x0c0002c2        0x2 CMakeFiles/PL10_default_default_XC32_compile.dir/C_/Users/c74305/Desktop/MAICA/SF/config.mcc/src/config/default/startup_xc32.c.o
                0x0c0002c2                _on_reset
                0x0c0002c2                _on_bootstrap
                0x0c0002c2                __xc32_on_reset
                0x0c0002c2                Dummy_App_Func
                0x0c0002c2                __xc32_on_bootstrap

.text.__dummy_init_tls%30
                0x0c0002c4        0x2
 .text.__dummy_init_tls
                0x0c0002c4        0x2 c:/Program Files/Microchip/xc32/v5.10/bin/bin/../../lib/gcc/pic32c/13.2.1/../../../../pic32c/lib/thumb/v6-m/nofp\libpic32c.a(data_init.o)
                0x0c0002c4                xc32_init_tls

.text.__dummy%31
                0x0c0002c6        0x2
 .text.__dummy  0x0c0002c6        0x2 c:/Program Files/Microchip/xc32/v5.10/bin/bin/../../lib/gcc/pic32c/13.2.1/../../../../pic32c/lib/thumb/v6-m/nofp\libg-musl.a(__libc_start_main.o)
                0x0c0002c6                __init_stdio
                0x0c0002c6                __init_host
